// Jest Snapshot v1, https://goo.gl/fbAQLP

exports[`<SVG /> renders 1`] = `
"<svg height=\\"100%\\" viewBox=\\"0 0 100 100\\" xmlns=\\"http://www.w3.org/2000/svg\\">
  <g></g>
</svg>"
`;
