// Jest Snapshot v1, https://goo.gl/fbAQLP

exports[`<Title /> renders 1`] = `"<H1 styles=\\"css-okjhmn\\">Hello</H1>"`;
