// Jest Snapshot v1, https://goo.gl/fbAQLP

exports[`<Social /> renders 1`] = `
"<Box wrap title=\\"Me Around The Internet\\">
  <Section styles=\\"css-f3ixb5\\">
    <Link styles=\\"css-5j31gr\\" to=\\"//abc.xyz\\">
      <[object Object]></[object Object]>
    </Link>
  </Section>
</Box>"
`;
